// Jest Snapshot v1, https://goo.gl/fbAQLP

exports[`Login component will match the snapshot 1`] = `
Object {
  "asFragment": [Function],
  "baseElement": <body>
    <div>
      <div
        class="login"
      >
        <img
          alt="img"
          src="LoginPageImage.svg"
        />
        <h1>
          Login
        </h1>
        <h4>
          User
        </h4>
        <form>
          <input
            data-testid="username-input"
            id="username-input"
            placeholder="Enter you Username"
            type="text"
            value=""
          />
          <h4>
            Password
          </h4>
          <input
            data-testid="password-input"
            id="password-input"
            placeholder="Enter your Password"
            type="Password"
            value=""
          />
          <div
            class="buttonDiv"
          >
             
            <button
              class="button"
              data-testid="login-submit-button"
              id="login-submit-button"
              type="button"
            >
              Log in
            </button>
          </div>
        </form>
      </div>
    </div>
  </body>,
  "container": <div>
    <div
      class="login"
    >
      <img
        alt="img"
        src="LoginPageImage.svg"
      />
      <h1>
        Login
      </h1>
      <h4>
        User
      </h4>
      <form>
        <input
          data-testid="username-input"
          id="username-input"
          placeholder="Enter you Username"
          type="text"
          value=""
        />
        <h4>
          Password
        </h4>
        <input
          data-testid="password-input"
          id="password-input"
          placeholder="Enter your Password"
          type="Password"
          value=""
        />
        <div
          class="buttonDiv"
        >
           
          <button
            class="button"
            data-testid="login-submit-button"
            id="login-submit-button"
            type="button"
          >
            Log in
          </button>
        </div>
      </form>
    </div>
  </div>,
  "debug": [Function],
  "findAllByAltText": [Function],
  "findAllByDisplayValue": [Function],
  "findAllByLabelText": [Function],
  "findAllByPlaceholderText": [Function],
  "findAllByRole": [Function],
  "findAllByTestId": [Function],
  "findAllByText": [Function],
  "findAllByTitle": [Function],
  "findByAltText": [Function],
  "findByDisplayValue": [Function],
  "findByLabelText": [Function],
  "findByPlaceholderText": [Function],
  "findByRole": [Function],
  "findByTestId": [Function],
  "findByText": [Function],
  "findByTitle": [Function],
  "getAllByAltText": [Function],
  "getAllByDisplayValue": [Function],
  "getAllByLabelText": [Function],
  "getAllByPlaceholderText": [Function],
  "getAllByRole": [Function],
  "getAllByTestId": [Function],
  "getAllByText": [Function],
  "getAllByTitle": [Function],
  "getByAltText": [Function],
  "getByDisplayValue": [Function],
  "getByLabelText": [Function],
  "getByPlaceholderText": [Function],
  "getByRole": [Function],
  "getByTestId": [Function],
  "getByText": [Function],
  "getByTitle": [Function],
  "queryAllByAltText": [Function],
  "queryAllByDisplayValue": [Function],
  "queryAllByLabelText": [Function],
  "queryAllByPlaceholderText": [Function],
  "queryAllByRole": [Function],
  "queryAllByTestId": [Function],
  "queryAllByText": [Function],
  "queryAllByTitle": [Function],
  "queryByAltText": [Function],
  "queryByDisplayValue": [Function],
  "queryByLabelText": [Function],
  "queryByPlaceholderText": [Function],
  "queryByRole": [Function],
  "queryByTestId": [Function],
  "queryByText": [Function],
  "queryByTitle": [Function],
  "rerender": [Function],
  "unmount": [Function],
}
`;
